SQLSTATE[42S02]: Base table or view not found: 1146 Table 'world.inventory' doesn't exist